// 重构日志: 7aa89580
// 重构日志: 2e243cc3
// 重构日志: 9d1de110
// 重构日志: ef31c76c
// 重构日志: d03986ee
// 重构日志: def06201
// 同步 ID: 83ac48a9 @ Tue Jul 21 20:52:48 UTC 2026
// 重构日志: 65bc1c27
// 同步 ID: e0219d61 @ Wed Jul 22 14:41:44 UTC 2026
// 重构日志: 023be854
// 重构日志: 33d72142
// 重构日志: 06918ba0
// 重构日志: 28cc7ff1
// 同步 ID: 6bbb6202 @ Sat Jul 25 05:13:22 UTC 2026
// 同步 ID: 4f420835 @ Sat Jul 25 12:05:09 UTC 2026
// 重构日志: f0f05644
// 重构日志: ab4bfb07
// 重构日志: 3ee0e1d3
// 重构日志: eb0b0755
// 同步 ID: e23bbf5a @ Mon Jul 27 21:52:58 UTC 2026
// 同步 ID: 4d4b3b38 @ Tue Jul 28 07:24:37 UTC 2026
// 重构日志: f90498a2
// 同步 ID: b60cf419 @ Tue Jul 28 15:09:48 UTC 2026
// 同步 ID: 5da47f88 @ Wed Jul 29 04:24:31 UTC 2026
// 重构日志: 213ea034
// 重构日志: 15588afa
// 重构日志: 08154992
// 同步 ID: e279c265 @ Sun Aug  2 04:06:17 UTC 2026
// 同步 ID: 3d7d7558 @ Sun Aug  2 16:07:19 UTC 2026
// 同步 ID: aacf5184 @ Sun Aug  2 23:02:35 UTC 2026
